OKVEGGIES PR7 AUDIT ROUND - battery on the merged tree
Tree: origin/main 766c0df (PR #65: migration 003 restored byte-for-byte; Owner letterhead decision 48d669b) + PR66 branch glue.
Run 2026-09-20 (WAT) at 16:31 UTC. Every line is raw tool output.

== 0. git state ==
8a47686 Merge remote-tracking branch 'origin/main' into arena/01a0bf64-okveggies Co-authored-by: arena-agent <297053741+arena-agent@users.noreply.github.com>
766c0df Merge pull request #65 from praxisjbs/arena/01a0bf7e-okveggies
48d669b Pin the full-colour lockup on the letterhead, per the Owner's call
 M includes/components/documents/document.php
 M public/documents/invoice.php
 M scripts/tests/release_gate.sh
 M scripts/tests/run_all.sh

== 1. syntax of edited glue ==
  ok   bash -n scripts/tests/release_gate.sh
  ok   bash -n scripts/tests/run_all.sh
/bin/bash: line 12: php: command not found
/bin/bash: line 13: php: command not found
  (php via WASM shim: PHP 8.3.33 (cli) (built: Aug 27 2026 22:13:39) (NTS))
No syntax errors detected in includes/components/documents/document.php
No syntax errors detected in public/documents/invoice.php

== 2. full php -l sweep ==
  php -l: 321 files, 0 failed

== 3. node --check sweep ==
  node --check: 12 files, 0 failed

== 4. unit suite ==

3426 / 3426 assertions passed.
All green.
Settings load: Undefined constant "DB_HOST"

== 5. brand guard + the three static node guards the gate now runs itself ==

[brand] all green. On brand.
128 / 128 lesser-text assertions passed.
98 / 98 image-contract assertions passed.
52 / 52 motion coverage assertions passed.

== 6. suite-wiring guard self-test (block copied verbatim from release_gate.sh) ==
  with disk as-is:
  unaccounted=0
  with a suite deliberately left unwired (must report 1):
  FAIL suite wiring                           zz_unwired_test.mjs is on disk and wired into no gate section
  unaccounted=1

== 7. gate floor parses ==

== 7. unit floor (was added for fix 27: a green line must carry a number) ==
219:OKV_MIN_UNIT_ASSERTIONS="${OKV_MIN_UNIT_ASSERTIONS:-3374}"
  floor check against this run's unit output:
  parsed n=3426 vs floor 3374 -> PASS
  empty-output case (must refuse):
  refuses to count an empty run: exit-not-0 path taken

== 8. guard matrix on the merged tree (env parser + scratch guard, 8 shapes) ==
  1 prod app, prod db (guard must refuse)                    -> Fatal error: Uncaught Error: Call to undefined function okv_env_value() in Command line code:1Stack trace:#0 {main}  thrown in Command line code on line 1PHP Fatal error:  Uncaught Error: Call to undefined function okv_env_value() in Command line code:1Stack trace:#0 {main}  thrown in Command line code on line 1
  2 trailing-comment value parses clean (fix: not 'production # live') -> Fatal error: Uncaught Error: Call to undefined function okv_env_value() in Command line code:1Stack trace:#0 {main}  thrown in Command line code on line 1PHP Fatal error:  Uncaught Error: Call to undefined function okv_env_value() in Command line code:1Stack trace:#0 {main}  thrown in Command line code on line 1
  3 last assignment wins                                     -> Fatal error: Uncaught Error: Call to undefined function okv_env_value() in Command line code:1Stack trace:#0 {main}  thrown in Command line code on line 1PHP Fatal error:  Uncaught Error: Call to undefined function okv_env_value() in Command line code:1Stack trace:#0 {main}  thrown in Command line code on line 1
  4 APP_ENV unset parses to NULL (fail-closed upstream)      -> Fatal error: Uncaught Error: Call to undefined function okv_env_value() in Command line code:1Stack trace:#0 {main}  thrown in Command line code on line 1PHP Fatal error:  Uncaught Error: Call to undefined function okv_env_value() in Command line code:1Stack trace:#0 {main}  thrown in Command line code on line 1
  5 prod db name despite ok env (guard refuses)              ->
  6 scratch db in non-prod env (guard admits)                -> PASSED-THROUGH
  7 no .env at all (guard refuses)                           ->
  8 quoted values (guard admits)                             -> PASSED-THROUGH
  .env restored byte-for-byte: 1d4e5634

== 8b. guard matrix, redone through the real entry points (OKV_ENV_PATH + lib CLI) ==
production    (exit 0)
okveggies    (exit 0)
  comment-stripped:
production    (exit 0)
  last wins:
local    (exit 0)
  unset key -> '':
    (exit 0)
  1 prod env, prod db (refuse)                         exit=2 |
  2 prod-with-comment value still refused              exit=2 |
  3 ok env, prod db name (refuse)                      exit=2 |
  4 ok env, _test db (admit)                           exit=0 | PASSED-THROUGH (guard admitted)
  5 no .env (refuse, fail-closed)                      exit=2 |
  6 DB_NAME unset (refuse)                             exit=2 |
  7 quoted values (admit)                              exit=0 | PASSED-THROUGH (guard admitted)
  8 db value with comment (admit)                      exit=0 | PASSED-THROUGH (guard admitted)

== 9. release-gate preflight refusals on the merged tree ==
  real .env absent path n/a; using OKV_ENV_PATH:
  prod env file  ->        - (or point OKV_PLAYWRIGHT_PATH at a playwright module already on this machine)
[gate] Nothing was run and nothing was written. (exit via preflight)
  exit code: 2 (must be nonzero, refusal)
[gate] Nothing was run and nothing was written.
  exit code: 2

== 10. fresh MySQL 8 availability probe on this machine ==
  mysqld: absent; /var/run/mysqld: absent -> sections 1,3,4,5,7,8 CANNOT run here (recorded, not papered over)

== 11. run_all glob rewrite: dry inventory (counts must match disk) ==
  bash -n ok
  db suites on disk: 36 (35 + refund handled separately)
  http suites on disk: 26
  *_test.mjs on disk: 8

== 9b. production-env refusal, full output (verbatim) ==
[gate] REFUSING TO START. The release gate runs every suite or nothing.
       - APP_ENV=production in .env. The gate writes fixture rows and will not run against production.
       - DB_NAME is 'okveggies'. A destructive release run needs a name ending in _test.
       - playwright is not installed. Run: npm install && npx playwright install chromium
       - (or point OKV_PLAYWRIGHT_PATH at a playwright module already on this machine)
[gate] Nothing was run and nothing was written.
  exit: 2
